2026-05-11 18:22:05 | INFO     | ============================================================
2026-05-11 18:22:05 | INFO     | INICIO - Ingesta del dataset clínico (CSV)
2026-05-11 18:22:05 | INFO     | ============================================================
2026-05-11 18:22:05 | INFO     | DATALAKE_ROOT: /datalake
2026-05-11 18:22:05 | INFO     | CSV de entrada: /datalake/raw/clinical/breast-cancer.csv (124571 bytes)
2026-05-11 18:22:11 | INFO     | SparkSession creada correctamente.
2026-05-11 18:22:11 | INFO     | Leyendo CSV con inferSchema + mode PERMISSIVE...
2026-05-11 18:22:13 | INFO     | Schema inferido:
2026-05-11 18:22:14 | INFO     | Validación de columnas: 32 esperadas, 32 presentes, 0 nuevas, 0 rellenadas.
2026-05-11 18:22:14 | INFO     | Todos los tipos de las columnas numéricas son correctos.
2026-05-11 18:22:16 | INFO     | No se encontraron duplicados (clave: 'id').
2026-05-11 18:22:16 | INFO     | Total de registros (post-limpieza): 569
2026-05-11 18:22:23 | INFO     | No se encontraron valores nulos en las columnas esperadas.
2026-05-11 18:22:23 | INFO     | Valores únicos de 'diagnosis': ['B', 'M']
2026-05-11 18:22:23 | INFO     | DataFrame final: 32 columnas (32 esperadas + 0 extra por schema evolution).
2026-05-11 18:22:23 | INFO     | Escribiendo snapshot Parquet en '/datalake/raw/clinical/breast-cancer.parquet'...
2026-05-11 18:22:26 | INFO     | Snapshot Parquet escrito correctamente.
2026-05-11 18:22:26 | INFO     | ============================================================
2026-05-11 18:22:26 | INFO     | FIN - Ingesta completada con éxito.
2026-05-11 18:22:26 | INFO     |   Registros: 569 | Corruptos: 0 | Duplicados: 0 | Parquet: True
2026-05-11 18:22:26 | INFO     | ============================================================
2026-05-11 18:22:26 | INFO     | Resumen de ejecución guardado en '/work/logs/ingesta_clinical_summary_20260511_182226.json'.
2026-05-11 18:22:26 | INFO     | SparkSession cerrada.
