2026-05-11 18:23:21 | INFO     | ============================================================
2026-05-11 18:23:21 | INFO     | INICIO - Ingesta de metadatos de imágenes
2026-05-11 18:23:21 | INFO     | ============================================================
2026-05-11 18:23:21 | INFO     | DATALAKE_ROOT: /datalake
2026-05-11 18:24:08 | INFO     | Procesadas 1578 imágenes válidas. Corruptas: 0. Vacías: 0. Extensiones ignoradas: 0.
2026-05-11 18:24:08 | INFO     | Categorías descubiertas: ['benign', 'malignant', 'normal']
2026-05-11 18:24:08 | INFO     |   Categoría 'benign': 891 imágenes
2026-05-11 18:24:08 | INFO     |   Categoría 'malignant': 421 imágenes
2026-05-11 18:24:08 | INFO     |   Categoría 'normal': 266 imágenes
2026-05-11 18:24:08 | INFO     | Estadísticas de dimensiones:
2026-05-11 18:24:08 | INFO     |   Width:  min=190, max=1048, media=616.1
2026-05-11 18:24:08 | INFO     |   Height: min=310, max=719, media=501.6
2026-05-11 18:24:08 | INFO     |   Tamaños únicos: 639
2026-05-11 18:24:08 | INFO     |   Modos de color: ['1', 'RGB', 'RGBA']
2026-05-11 18:24:08 | INFO     |   Formatos: ['PNG']
2026-05-11 18:24:08 | INFO     |   Canales: [1, 3, 4]
2026-05-11 18:24:08 | WARNING  | 3 imágenes duplicadas detectadas (por hash):
2026-05-11 18:24:08 | WARNING  |   → '/datalake/raw/images/malignant/malignant (145).png' es duplicado de '/datalake/raw/images/benign/benign (433).png'
2026-05-11 18:24:08 | WARNING  |   → '/datalake/raw/images/normal/normal (62)_mask.png' es duplicado de '/datalake/raw/images/normal/normal (56)_mask.png'
2026-05-11 18:24:08 | WARNING  |   → '/datalake/raw/images/normal/normal (74)_mask.png' es duplicado de '/datalake/raw/images/normal/normal (63)_mask.png'
2026-05-11 18:24:14 | INFO     | Escribiendo metadatos Parquet en '/datalake/raw/images_meta'...
2026-05-11 18:24:19 | INFO     | Metadatos Parquet escritos correctamente.
2026-05-11 18:24:19 | INFO     | ============================================================
2026-05-11 18:24:19 | INFO     | FIN - Ingesta de metadatos completada.
2026-05-11 18:24:19 | INFO     |   Imágenes: 1578 | Corruptas: 0 | Vacías: 0 | Extensiones ignoradas: 0 | Categorías: 3
2026-05-11 18:24:19 | INFO     | ============================================================
2026-05-11 18:24:19 | INFO     | Resumen de ejecución guardado en '/work/logs/ingesta_images_summary_20260511_182419.json'.
2026-05-11 18:24:19 | INFO     | SparkSession cerrada.
